I'm sorry, but errors were detected in your script. Please correct the
errors listed below, and try again.


File "game/script.rpy", line 15: unexpected EOF while parsing
    0;
      ^

Ren'Py Version: Ren'Py 8.0.3.22090809
Tue Jun 27 20:34:41 2023
